Array
(
    [value] => qwertyui
    [total] => 10
    [Utotal] => 7
    [Ctotal] => 3
    [atype] => Difficult airway
)
Array
(
    [value] => qwertyui
    [total] => 10
    [Utotal] => 7
    [Ctotal] => 3
    [atype] => Difficult airway
)
Array
(
    [value] => qwertyui
    [s1] => 10
    [s2] => 7
    [s11] => 3
    [s12] => Difficult airway
)
Array
(
    [value] => qwertyui
    [s1] => 10
    [s2] => 7
    [s11] => 3
    [s12] => Difficult airway
)
Array
(
    [s11] => 28
    [s12] => Easy to moderate airway
    [s1] => 15
    [s2] => 13
)
Array
(
    [s11] => 28
    [s12] => Easy to moderate airway
    [s1] => 15
    [s2] => 13
)
Array
(
    [s11] => 28
    [s12] => Easy to moderate airway
    [s1] => 15
    [s2] => 13
)
Array
(
    [s11] => 28
    [s12] => Easy to moderate airway
    [s1] => 15
    [s2] => 13
)
Array
(
    [s11] => 40
    [s12] => Difficult airway
    [value] => qwertyui
    [s1] => 26
    [s2] => 14
)
Array
(
    [s11] => 40
    [s12] => Difficult airway
    [value] => qwertyui
    [s1] => 26
    [s2] => 14
)
Array
(
    [s11] => 40
    [s12] => Difficult airway
    [value] => qwertyui
    [s1] => 26
    [s2] => 14
)
Array
(
    [s11] => 20
    [s12] => Likely to easy airway
    [value] => qwertyui
    [s1] => 10
    [s2] => 10
)
Array
(
    [s11] => 20
    [s12] => Likely to easy airway
    [value] => qwertyui
    [s1] => 10
    [s2] => 10
)
Array
(
    [s11] => 20
    [s12] => Likely to easy airway
    [value] => qwertyui
    [s1] => 10
    [s2] => 10
)
Array
(
    [s11] => 20
    [s12] => Likely to easy airway
    [value] => qwertyui
    [s1] => 10
    [s2] => 10
)
Array
(
    [s11] => 39
    [s12] => Difficult airway
    [value] => qwertyui
    [s1] => 25
    [s2] => 14
)
Array
(
    [s11] => 25
    [s12] => Likely to easy airway
    [value] => qwertyui
    [s1] => 17
    [s2] => 8
)
Array
(
    [s11] => 32
    [s12] => Easy to moderate airway
    [value] => o9ij
    [s1] => 21
    [s2] => 11
)
Array
(
    [s11] => 25
    [s12] => Likely to easy airway
    [value] => o9ij
    [s1] => 15
    [s2] => 10
)
Array
(
    [s11] => 25
    [s12] => Likely to easy airway
    [value] => vasa
    [s1] => 16
    [s2] => 9
)
Array
(
    [value] => ajay1
    [s11] => 3
    [s12] => Difficult airway
    [s1] => 1
    [s2] => 2
)
Array
(
    [s11] => 28
    [s12] => Easy to moderate airway
    [value] => P1
    [s1] => 18
    [s2] => 10
)
Array
(
    [s11] => 25
    [s12] => Likely to easy airway
    [value] => p21
    [s1] => 18
    [s2] => 7
)
Array
(
    [s11] => 32
    [s12] => Easy to moderate airway
    [value] => M12
    [s1] => 22
    [s2] => 10
)
Array
(
    [s11] => 30
    [s12] => Easy to moderate airway
    [value] => t6y7u6
    [s1] => 19
    [s2] => 11
)
Array
(
    [s11] => 40
    [s12] => Difficult airway
    [value] => Nki9
    [s1] => 26
    [s2] => 14
)
Array
(
    [s11] => 34
    [s12] => Easy to moderate airway
    [value] => D23ew
    [s1] => 21
    [s2] => 13
)
Array
(
    [s11] => 30
    [s12] => Easy to moderate airway
    [value] => a123
    [s1] => 18
    [s2] => 12
)
Array
(
    [s11] => 0
    [s12] => 
    [value] => 
    [s1] => 0
    [s2] => 0
)
Array
(
    [s11] => 35
    [s12] => Easy to moderate airway
    [value] => gta12
    [s1] => 24
    [s2] => 11
)
Array
(
    [s11] => 28
    [s12] => Easy to moderate airway
    [value] => aj23
    [s1] => 19
    [s2] => 9
)
Array
(
    [s11] => 27
    [s12] => Easy to moderate airway
    [value] => gh21
    [s1] => 20
    [s2] => 7
)
Array
(
    [s11] => 26
    [s12] => Easy to moderate airway
    [value] => Manju12
    [s1] => 19
    [s2] => 7
)
Array
(
    [s11] => 34
    [s12] => Easy to moderate airway
    [value] => d4215
    [s1] => 20
    [s2] => 14
)
Array
(
    [s11] => 36
    [s12] => Difficult airway
    [value] => tyg12
    [s1] => 24
    [s2] => 12
)
Array
(
    [s11] => 32
    [s12] => Easy to moderate airway
    [value] => gjk86
    [s1] => 21
    [s2] => 11
)
Array
(
    [s11] => 38
    [s12] => Difficult airway
    [value] => hjc2
    [s1] => 24
    [s2] => 14
)
Array
(
    [s11] => 32
    [s12] => Easy to moderate airway
    [value] => M45
    [s1] => 20
    [s2] => 12
)
Array
(
    [s11] => 37
    [s12] => Difficult airway
    [value] => Ajay235
    [s1] => 24
    [s2] => 13
)
Array
(
    [s11] => 0
    [s12] => 
    [value] => 
    [s1] => 0
    [s2] => 0
)
Array
(
    [s11] => 0
    [s12] => 
    [value] => 
    [s1] => 0
    [s2] => 0
)
Array
(
    [s11] => 35
    [s12] => Easy to moderate airway
    [value] => Aju21
    [s1] => 24
    [s2] => 11
)
Array
(
    [s11] => 35
    [s12] => Easy to moderate airway
    [value] => Ajy12
    [s1] => 23
    [s2] => 12
)
Array
(
    [s11] => 18
    [s12] => Likely to easy airway
    [value] => Ajy12
    [s1] => 11
    [s2] => 7
)
Array
(
    [s11] => 18
    [s12] => Likely to easy airway
    [value] => Ajy12
    [s1] => 11
    [s2] => 7
)
Array
(
    [s11] => 18
    [s12] => Likely to easy airway
    [value] => Ajy12
    [s1] => 11
    [s2] => 7
)
Array
(
    [s11] => 39
    [s12] => Difficult airway
    [value] => Jh123
    [s1] => 25
    [s2] => 14
)
Array
(
    [s11] => 0
    [s12] => 
    [value] => 
    [s1] => 0
    [s2] => 0
)
Array
(
    [s11] => 0
    [s12] => 
    [value] => 
    [s1] => 0
    [s2] => 0
)
Array
(
    [s11] => 31
    [s12] => Easy to moderate airway
    [value] => jai12
    [s1] => 23
    [s2] => 8
)
Array
(
    [s11] => 16
    [s12] => Likely to easy airway
    [value] => 8752cv
    [s1] => 8
    [s2] => 8
)
Array
(
    [s11] => 30
    [s12] => Easy to moderate airway
    [value] => 93528cv
    [s1] => 22
    [s2] => 8
)
Array
(
    [s11] => 35
    [s12] => Easy to moderate airway
    [value] => Aj23
    [s1] => 24
    [s2] => 11
)
Array
(
    [s11] => 28
    [s12] => Easy to moderate airway
    [value] => Anuroop21
    [s1] => 22
    [s2] => 6
)
Array
(
    [s11] => 37
    [s12] => Difficult airway
    [value] => vab56
    [s1] => 25
    [s2] => 12
)
Array
(
    [s11] => 31
    [s12] => Easy to moderate airway
    [value] => jkbv8668
    [s1] => 22
    [s2] => 9
)
Array
(
    [s11] => 34
    [s12] => Easy to moderate airway
    [value] => gHbsg
    [s1] => 21
    [s2] => 13
)
Array
(
    [s11] => 39
    [s12] => Difficult airway
    [value] => gbk8860
    [s1] => 25
    [s2] => 14
)
Array
(
    [s11] => 33
    [s12] => Easy to moderate airway
    [value] => c12345
    [s1] => 23
    [s2] => 10
)
Array
(
    [s11] => 30
    [s12] => Easy to moderate airway
    [value] => gzvhz
    [s1] => 22
    [s2] => 8
)
Array
(
    [s11] => 29
    [s12] => Easy to moderate airway
    [value] => ycyhv
    [s1] => 23
    [s2] => 6
)
Array
(
    [s11] => 29
    [s12] => Easy to moderate airway
    [value] => fyb
    [s1] => 17
    [s2] => 12
)
Array
(
    [s11] => 23
    [s12] => Likely to easy airway
    [value] => cyhb
    [s1] => 17
    [s2] => 6
)
Array
(
    [s11] => 29
    [s12] => Easy to moderate airway
    [value] => 💦✨uk
    [s1] => 21
    [s2] => 8
)
Array
(
    [s11] => 29
    [s12] => Easy to moderate airway
    [value] => ffyf
    [s1] => 18
    [s2] => 11
)
Array
(
    [s11] => 32
    [s12] => Easy to moderate airway
    [value] => yc
    [s1] => 24
    [s2] => 8
)
Array
(
    [s11] => 27
    [s12] => Easy to moderate airway
    [value] => fhj
    [s1] => 21
    [s2] => 6
)
Array
(
    [s11] => 33
    [s12] => Easy to moderate airway
    [value] => fycycy
    [s1] => 20
    [s2] => 13
)
Array
(
    [s11] => 35
    [s12] => Easy to moderate airway
    [value] => Jk56
    [s1] => 24
    [s2] => 11
)
Array
(
    [s11] => 31
    [s12] => Easy to moderate airway
    [value] => gjvv555
    [s1] => 21
    [s2] => 10
)
Array
(
    [s11] => 24
    [s12] => Likely to easy airway
    [value] => 123456
    [s1] => 12
    [s2] => 12
)
Array
(
    [s11] => 22
    [s12] => Likely to easy airway
    [value] => 1468
    [s1] => 17
    [s2] => 5
)
Array
(
    [s11] => 30
    [s12] => Easy to moderate airway
    [value] => Dha12
    [s1] => 21
    [s2] => 9
)
Array
(
    [s11] => 37
    [s12] => Difficult airway
    [value] => fhh56
    [s1] => 25
    [s2] => 12
)
Array
(
    [s11] => 33
    [s12] => Easy to moderate airway
    [value] => hk869
    [s1] => 22
    [s2] => 11
)
Array
(
    [s11] => 33
    [s12] => Easy to moderate airway
    [value] => fhbghb
    [s1] => 22
    [s2] => 11
)
Array
(
    [s11] => 14
    [s12] => Likely to easy airway
    [value] => 12324
    [s1] => 8
    [s2] => 6
)
Array
(
    [s11] => 29
    [s12] => Likely to be difficult airway
    [value] => sush2368
    [s1] => 19
    [s2] => 10
)
Array
(
    [s11] => 32
    [s12] => Difficult airway
    [value] => kish23
    [s1] => 21
    [s2] => 11
)
Array
(
    [s11] => 15
    [s12] => Normal airway
    [value] => kcjc
    [s1] => 11
    [s2] => 4
)
Array
(
    [s11] => 22
    [s12] => Likely to be difficult airway
    [value] => ghkj569
    [s1] => 13
    [s2] => 9
)
Array
(
    [s11] => 6
    [s12] => Normal airway
    [value] => dhchhhhh
    [s1] => 3
    [s2] => 3
)
Array
(
    [s11] => 26
    [s12] => Likely to be difficult airway
    [value] => last1
    [s1] => 17
    [s2] => 9
)
Array
(
    [s11] => 2
    [value] => king32
    [s12] => 
    [s2] => 1
    [s1] => 1
)
Array
(
    [value] => 
    [s1] => 0
    [s2] => 0
    [s11] => 0
    [s12] => 
)
Array
(
    [s11] => 0
    [s1] => 0
    [value] => 
    [s12] => 
    [s2] => 0
)
Array
(
    [s1] => 0
    [s2] => 0
    [s12] => 
    [value] => 
    [s11] => 0
)
Array
(
    [s1] => 0
    [s11] => 0
    [s12] => 
    [s2] => 0
    [value] => 
)
Array
(
    [s1] => 0
    [s11] => 0
    [s12] => 
    [value] => 
    [s2] => 0
)
Array
(
    [value] => 
    [s1] => 0
    [s2] => 0
    [s11] => 0
    [s12] => 
)
Array
(
    [s11] => 8
    [value] => 
    [s12] => 
    [s1] => 0
    [s2] => 8
)
Array
(
    [value] => milo
    [s1] => 17
    [s11] => 27
    [s2] => 10
    [s12] => Likely to be difficult airway
)
Array
(
    [s12] => Difficult Airway
    [s1] => 19
    [s2] => 12
    [s11] => 31
    [value] => maj12
)
Array
(
    [s1] => 15
    [s2] => 10
    [s11] => 25
    [value] => ppp00
    [s12] => Likely to be difficult airway
)
Array
(
    [s11] => 31
    [s12] => Difficult airway
    [value] => hu0852
    [s1] => 19
    [s2] => 12
)
Array
(
    [s11] => 27
    [s12] => Likely to be difficult airway
    [value] => hk569
    [s1] => 18
    [s2] => 9
)
Array
(
    [s12] => Difficult Airway
    [s1] => 20
    [s2] => 12
    [value] => kim8
    [s11] => 32
)
Array
(
    [s11] => 31
    [s12] => Difficult airway
    [value] => s123
    [s1] => 21
    [s2] => 10
)
Array
(
    [s2] => 8
    [s12] => Likely to be difficult airway
    [s11] => 20
    [value] => 12344321
    [s1] => 12
)
Array
(
    [value] => 12344321
    [s2] => 8
    [s1] => 12
    [s11] => 20
    [s12] => Likely to be difficult airway
)
Array
(
    [value] => 12344321
    [s1] => 18
    [s2] => 10
    [s11] => 28
    [s12] => Likely to be difficult airway
)
Array
(
    [s1] => 20
    [s2] => 15
    [s11] => 35
    [s12] => Difficult airway
    [value] => hyu77
)
Array
(
    [s12] => Normal Airway
    [s1] => 7
    [s11] => 13
    [s2] => 6
    [value] => 123456
)
Array
(
    [s2] => 8
    [value] => 3242
    [s11] => 23
    [s1] => 15
    [s12] => Likely to be difficult airway
)
Array
(
    [s11] => 23
    [s12] => Likely to be difficult airway
    [value] => cufuf
    [s1] => 15
    [s2] => 8
)
Array
(
    [s11] => 31
    [s12] => Difficult airway
    [value] => 12354
    [s1] => 20
    [s2] => 11
)
Array
(
    [s2] => 6
    [s1] => 7
    [s11] => 13
    [s12] => Normal Airway
    [value] => 14321432
)
Array
(
    [s12] => Difficult Airway
    [s2] => 10
    [value] => 7997
    [s1] => 25
    [s11] => 35
)
Array
(
    [s11] => 36
    [s12] => Difficult airway
    [value] => 67890
    [s1] => 23
    [s2] => 13
)
Array
(
    [s11] => 37
    [s12] => Difficult airway
    [value] => sai12
    [s1] => 25
    [s2] => 12
)
Array
(
    [s11] => 30
    [s12] => Likely to be difficult airway
    [value] => 4326
    [s1] => 21
    [s2] => 9
)
Array
(
    [s11] => 31
    [s12] => Difficult airway
    [value] => 67890
    [s1] => 23
    [s2] => 8
)
Array
(
    [s2] => 12
    [value] => 9087
    [s11] => 36
    [s12] => Difficult Airway
    [s1] => 24
)
Array
(
    [s12] => Difficult Airway
    [value] => 67yu
    [s2] => 12
    [s11] => 38
    [s1] => 26
)
Array
(
    [s11] => 24
    [s12] => Likely to be difficult airway
    [value] => ghn
    [s1] => 17
    [s2] => 7
)
Array
(
    [value] => hhj77
    [s11] => 33
    [s2] => 9
    [s12] => Difficult Airway
    [s1] => 24
)
Array
(
    [s11] => 30
    [s12] => Likely to be difficult airway
    [value] => Nag12
    [s1] => 25
    [s2] => 5
)
Array
(
    [s11] => 35
    [s12] => Difficult airway
    [value] => Jay
    [s1] => 23
    [s2] => 12
)
Array
(
)
Array
(
)
Array
(
    [s11] => 28
    [s12] => Likely to be difficult airway
    [value] => huahahs
    [s1] => 21
    [s2] => 7
)
Array
(
)
Array
(
)
Array
(
)
Array
(
)
Array
(
)
Array
(
)
Array
(
)
Array
(
)
Array
(
)
Array
(
)
Array
(
)
Array
(
)
Array
(
)
Array
(
    [s11] => 17
    [s12] => Normal airway
    [value] => P001
    [s1] => 8
    [s2] => 9
)
Array
(
    [s11] => 27
    [s12] => Likely to be difficult airway
    [value] => P002
    [s1] => 18
    [s2] => 9
)
Array
(
    [s11] => 16
    [s12] => Normal airway
    [value] => P003
    [s1] => 9
    [s2] => 7
)
Array
(
    [s11] => 11
    [s12] => Normal airway
    [value] => P004
    [s1] => 4
    [s2] => 7
)
Array
(
    [s11] => 17
    [s12] => Normal airway
    [value] => p006
    [s1] => 11
    [s2] => 6
)
Array
(
    [s11] => 22
    [s12] => Likely to be difficult airway
    [value] => P008
    [s1] => 15
    [s2] => 7
)
Array
(
    [s11] => 20
    [s12] => Likely to be difficult airway
    [value] => P009
    [s1] => 13
    [s2] => 7
)
Array
(
    [s11] => 14
    [s12] => Normal airway
    [value] => P011
    [s1] => 11
    [s2] => 3
)
